src/components/Dashboard/Dashboard.tsx(14,38): error TS6133: 'convertToIST' is declared but its value is never read.
src/components/Dashboard/Dashboard.tsx(14,52): error TS6133: 'convertUTCToIST2' is declared but its value is never read.
src/components/Dashboard/DashBoardCard.tsx(7,28): error TS6196: 'User' is declared but never used.
src/components/ImageManagement.tsx(3,26): error TS6133: 'UploadButton' is declared but its value is never read.
src/components/ImageManagement.tsx(6,1): error TS6133: 'Cookies' is declared but its value is never read.
src/components/OrderDetails.tsx(4,52): error TS6133: 'CardDescription' is declared but its value is never read.
